> Task :compileJava UP-TO-DATE
> Task :initializeIntellijPlatformPlugin
> Task :patchPluginXml UP-TO-DATE
> Task :processResources UP-TO-DATE
> Task :classes UP-TO-DATE
> Task :generateManifest UP-TO-DATE
> Task :instrumentCode UP-TO-DATE
> Task :jar UP-TO-DATE
> Task :compileTestJava
> Task :processTestResources UP-TO-DATE
> Task :testClasses
> Task :instrumentTestCode
> Task :instrumentedJar UP-TO-DATE
> Task :composedJar UP-TO-DATE
> Task :prepareTestSandbox UP-TO-DATE
> Task :prepareTest

> Task :test

DataGenerator Complete Test Suite > 6. Concurrency & Thread Safety > should_safely_load_dictionaries_concurrently PASSED

DataGenerator Complete Test Suite > 5. Edge Cases & Resilience > should_fallback_to_null_on_invalid_soft_delete_value PASSED

DataGenerator Complete Test Suite > 5. Edge Cases & Resilience > should_handle_empty_table_list_gracefully PASSED

DataGenerator Complete Test Suite > 5. Edge Cases & Resilience > should_handle_table_with_no_columns_gracefully PASSED

DataGenerator Complete Test Suite > 5. Edge Cases & Resilience > should_respect_exclusion_rules PASSED

DataGenerator Complete Test Suite > 4. Advanced Features > should_override_pk_uuids_when_requested PASSED

DataGenerator Complete Test Suite > 4. Advanced Features > should_apply_repetition_rules_when_provided PASSED

DataGenerator Complete Test Suite > 4. Advanced Features > should_apply_soft_deletes_with_custom_values_when_configured PASSED

DataGenerator Complete Test Suite > 4. Advanced Features > should_apply_soft_deletes_with_default_values_when_configured PASSED

DataGenerator Complete Test Suite > 3. Foreign Keys & Relationships > should_resolve_simple_foreign_key_when_parent_exists PASSED

DataGenerator Complete Test Suite > 3. Foreign Keys & Relationships > should_handle_circular_dependency_via_deferred_updates_when_cycle_exists PASSED

DataGenerator Complete Test Suite > 3. Foreign Keys & Relationships > should_resolve_composite_foreign_key_when_parent_has_composite_pk PASSED

DataGenerator Complete Test Suite > 2. Constraints & Invariants > should_enforce_string_length_when_defined_in_column PASSED

DataGenerator Complete Test Suite > 2. Constraints & Invariants > should_respect_check_constraints_when_using_between PASSED

DataGenerator Complete Test Suite > 2. Constraints & Invariants > should_respect_check_constraints_when_using_in_list PASSED

DataGenerator Complete Test Suite > 2. Constraints & Invariants > should_respect_range_constraints_when_parsed_from_checks > [1] price > 100, 100.01, 10000.0 PASSED

DataGenerator Complete Test Suite > 2. Constraints & Invariants > should_respect_range_constraints_when_parsed_from_checks > [2] price >= 50, 50.0, 10000.0 PASSED

DataGenerator Complete Test Suite > 2. Constraints & Invariants > should_respect_range_constraints_when_parsed_from_checks > [3] price < 20, 0.0, 19.999 PASSED

DataGenerator Complete Test Suite > 2. Constraints & Invariants > should_respect_range_constraints_when_parsed_from_checks > [4] price <= 10, 0.0, 10.0 PASSED

DataGenerator Complete Test Suite > 2. Constraints & Invariants > should_retry_when_generated_value_violates_constraint PASSED

DataGenerator Complete Test Suite > 1. Basic Type Generation > should_generate_values_for_all_supported_jdbc_types_when_valid PASSED

DataGenerator Complete Test Suite > 1. Basic Type Generation > should_generate_nulls_when_column_is_nullable PASSED

DataGeneratorBenchmarkTest > benchmarkUuidGeneration() PASSED

SchemaIntrospectorTest > Should infer bounds from CHECK constraint using BETWEEN PASSED

SchemaIntrospectorTest > Should infer bounds from CHECK constraint using >= and <= PASSED

SchemaIntrospectorTest > Should introspect table with multiple columns and types PASSED

SchemaIntrospectorTest > Should return empty list if no tables found PASSED

SchemaIntrospectorTest > Should correctly introspect a column with VARCHAR type PASSED

SchemaIntrospectorTest > Should default bounds if no matching check found PASSED

SqlGeneratorTest > Should quote identifiers for reserved keywords and special characters PASSED

SqlGeneratorTest > Should handle table with no rows PASSED

SqlGeneratorTest > Should format more numeric and other basic data types correctly PASSED

SqlGeneratorTest > Should handle empty data and no updates (deferred) PASSED

SqlGeneratorTest > Should generate INSERT statements for single row and table PASSED

SqlGeneratorTest > Should handle empty data and no updates (non-deferred) PASSED

SqlGeneratorTest > Should generate INSERT statements for multiple tables PASSED

SqlGeneratorTest > Should handle deferred updates PASSED

SqlGeneratorTest > Should escape single quotes in strings PASSED

SqlGeneratorTest > Should handle null values in INSERT statements PASSED

SqlGeneratorTest > Should generate batched INSERT statements for more than BATCH_SIZE rows PASSED

SqlGeneratorTest > Should generate INSERT statements for multiple rows in a single table PASSED

SqlGeneratorTest > Should handle special characters in strings correctly PASSED

SqlGeneratorTest > Should handle multiple deferred updates PASSED

SqlGeneratorTest > Should generate SQL with both inserts and deferred updates PASSED

SqlGeneratorTest > Should escape double quotes in identifiers PASSED

SqlGeneratorTest > Should format different data types correctly PASSED

TopologicalSorterTest > Should sort a complex dependency chain: A -> B -> C PASSED

TopologicalSorterTest > Should sort tables with no dependencies, order based on input list PASSED

TopologicalSorterTest > Should sort complex graph with multiple SCCs and dependencies between them PASSED

TopologicalSorterTest > Should handle an empty list of tables PASSED

TopologicalSorterTest > Should detect cycles PASSED

TopologicalSorterTest > Should sort mixed dependencies and independent tables: A -> B, C -> B, D (independent) PASSED

TopologicalSorterTest > Should sort when multiple tables depend on one: A -> C, B -> C PASSED

TopologicalSorterTest > Should detect cycles with self-referencing table PASSED

TopologicalSorterTest > Should sort simple dependency chain: Child -> Parent (Child comes before Parent) PASSED

TopologicalSorterTest > Should handle a single table PASSED

UuidBehaviorTest > Should fill nullable UUID columns with values due to ensureUuidUniqueness PASSED

UuidBehaviorTest > Should generate unique values for non-nullable UUID columns PASSED

FullCycleIntegrationTest > Full cycle: Standard PK/FK and Check Constraints PASSED

FullCycleIntegrationTest > Full cycle: Circular Dependencies (Self-Referencing) PASSED

FullCycleIntegrationTest > Full cycle: Data Types and Check Variants PASSED

FullCycleIntegrationTest > Full cycle: Composite Primary Keys and Unique Constraints PASSED

ModelTest > Table Tests > Table fkColumnNames should return all foreign key column names PASSED

ModelTest > Table Tests > Table column method should return the correct column PASSED

ModelTest > Table Tests > Table fkColumnNames should return an empty set if foreign keys have empty mappings PASSED

ModelTest > Table Tests > Table constructor should create a valid table PASSED

ModelTest > Table Tests > Table fkColumnNames should return an empty set if no foreign keys PASSED

ModelTest > Table Tests > Table should validate non-null name PASSED

ModelTest > Table Tests > Table should validate non-null checks list PASSED

ModelTest > Table Tests > Table should validate non-null primaryKey list PASSED

ModelTest > Table Tests > Table column method should return null if column not found PASSED

ModelTest > Table Tests > Table should validate non-null columns list PASSED

ModelTest > Table Tests > Table should validate non-null foreignKeys list PASSED

ModelTest > Table Tests > Table should validate non-null uniqueKeys list PASSED

ModelTest > ForeignKey Tests > ForeignKey constructor should create a valid foreign key with provided name PASSED

ModelTest > ForeignKey Tests > ForeignKey should validate non-null columnMapping PASSED

ModelTest > ForeignKey Tests > ForeignKey should generate default name when name is null PASSED

ModelTest > ForeignKey Tests > ForeignKey should validate non-null pkTable PASSED

ModelTest > ForeignKey Tests > ForeignKey should generate default name with multiple columns in mapping PASSED

ModelTest > ForeignKey Tests > ForeignKey should generate default name with empty column mapping PASSED

ModelTest > ForeignKey Tests > ForeignKey should generate default name when name is blank PASSED

ModelTest > Column Tests > Column hasAllowedValues should return true when allowedValues is not empty PASSED

ModelTest > Column Tests > Column builder should create a column with minimal fields PASSED

ModelTest > Column Tests > Column hasAllowedValues should return false when allowedValues is null PASSED

ModelTest > Column Tests > Column hasAllowedValues should return false when allowedValues is empty PASSED

ModelTest > Column Tests > Column should validate non-null name PASSED

ModelTest > Column Tests > Column constructor should create a valid column PASSED

SchemaDslTest > Should generate SQL for an empty schema PASSED

SchemaDslTest > Should build schema with tables and columns PASSED

SchemaDslTest > Should generate SQL for various column types and constraints PASSED

SchemaDslTest > Should generate SQL for a table with no columns (edge case) PASSED

SchemaDslTest > Should generate SQL for a schema with multiple tables and foreign keys PASSED

BUILD SUCCESSFUL in 12s
14 actionable tasks: 4 executed, 10 up-to-date
Consider enabling configuration cache to speed up this build: https://docs.gradle.org/9.3.0/userguide/configuration_cache_enabling.html
